src/features/admin/pages/PlaylistManagement/PlaylistList.tsx(16,3): error TS2305: Module '"@/shared/modules/playlists/components"' has no exported member 'PlaylistDetailsDrawer'.
src/features/admin/pages/PlaylistManagement/PlaylistList.tsx(17,3): error TS2305: Module '"@/shared/modules/playlists/components"' has no exported member 'AddTracksDrawer'.
src/features/auth/components/AuthWrapper/index.tsx(4,10): error TS6133: 'Card' is declared but its value is never read.
src/features/auth/pages/LoginPage.tsx(2,1): error TS6133: 'Flex' is declared but its value is never read.
src/features/auth/pages/LoginPage.tsx(31,9): error TS6133: 'scrollToForm' is declared but its value is never read.
src/features/brand/pages/PlaylistManagement/PlaylistList.tsx(15,3): error TS2305: Module '"@/shared/modules/playlists/components"' has no exported member 'AddTracksDrawer'.
src/features/brand/pages/PlaylistManagement/PlaylistList.tsx(17,3): error TS2305: Module '"@/shared/modules/playlists/components"' has no exported member 'PlaylistDetailsDrawer'.
src/features/brand/pages/StaffManagement/components/CreateStaffModal.tsx(11,3): error TS6133: 'Flex' is declared but its value is never read.
src/features/brand/pages/StaffManagement/StaffList.tsx(28,15): error TS6196: 'StaffListItem' is declared but never used.
src/features/brand/pages/StaffManagement/StaffList.tsx(71,18): error TS6133: 'setFilter' is declared but its value is never read.
src/features/brand/pages/StaffManagement/StaffList.tsx(89,9): error TS6133: 'storesData' is declared but its value is never read.
src/features/brand/pages/StaffManagement/StaffList.tsx(95,5): error TS2304: Cannot find name 'setEditDrawerOpen'.
src/features/brand/pages/StaffManagement/StaffList.tsx(126,5): error TS2552: Cannot find name 'setDetailDrawerOpen'. Did you mean 'setDetailModalOpen'?
src/features/brand/pages/StoreManagement/components/EditStoreDrawer.tsx(16,3): error TS6133: 'message' is declared but its value is never read.
src/features/brand/pages/StoreManagement/components/EditStoreDrawer.tsx(18,3): error TS6133: 'Tag' is declared but its value is never read.
src/features/brand/pages/StoreManagement/StoreList.tsx(3,25): error TS6133: 'Select' is declared but its value is never read.
src/features/brand/pages/StoreManagement/StoreList.tsx(78,18): error TS6133: 'setFilter' is declared but its value is never read.
src/features/brand/pages/StoreManagement/StoreList.tsx(99,9): error TS6133: 'toggleStatus' is declared but its value is never read.
src/features/store/pages/ConfigManagement/components/index.ts(1,15): error TS2307: Cannot find module './ConfigDetailDrawer' or its corresponding type declarations.
src/features/store/pages/ConfigManagement/components/index.ts(5,15): error TS2307: Cannot find module './UpsertStoreValueDrawer' or its corresponding type declarations.
src/features/store/pages/ConfigManagement/ConfigList.tsx(7,3): error TS2305: Module '"./components"' has no exported member 'ConfigDetailDrawer'.
src/features/store/pages/ConfigManagement/ConfigList.tsx(10,3): error TS2305: Module '"./components"' has no exported member 'UpsertStoreValueDrawer'.
src/features/store/pages/PlaylistManagement/components/index.ts(2,15): error TS2307: Cannot find module './CreatePlaylistDrawer' or its corresponding type declarations.
src/features/store/pages/PlaylistManagement/components/index.ts(3,15): error TS2307: Cannot find module './EditPlaylistDrawer' or its corresponding type declarations.
src/features/store/pages/PlaylistManagement/PlaylistList.tsx(15,3): error TS2305: Module '"@/shared/modules/playlists/components"' has no exported member 'AddTracksDrawer'.
src/features/store/pages/PlaylistManagement/PlaylistList.tsx(17,3): error TS2305: Module '"@/shared/modules/playlists/components"' has no exported member 'PlaylistDetailsDrawer'.
src/features/store/pages/PlaylistManagement/PlaylistList.tsx(21,3): error TS2305: Module '"./components"' has no exported member 'CreatePlaylistDrawer'.
src/features/store/pages/PlaylistManagement/PlaylistList.tsx(22,3): error TS2305: Module '"./components"' has no exported member 'EditPlaylistDrawer'.
src/features/store/pages/SpaceManagement/components/CreateSpaceModal.tsx(45,1): error TS6133: 'DRAWER_WIDTHS' is declared but its value is never read.
src/features/store/pages/SpaceManagement/components/EditSpaceModal.tsx(54,1): error TS6133: 'DRAWER_WIDTHS' is declared but its value is never read.
src/features/store/pages/SpaceManagement/components/SpaceDetailModal.tsx(37,1): error TS6133: 'DRAWER_WIDTHS' is declared but its value is never read.
src/features/store/pages/SpaceManagement/components/SpaceMusicModal.tsx(25,1): error TS6133: 'DRAWER_WIDTHS' is declared but its value is never read.
src/features/store/pages/SpaceManagement/components/SpacePlayerCard.tsx(21,3): error TS2305: Module '"@/shared/modules/cams/components"' has no exported member 'OverrideSpaceMusicDrawer'.
src/features/store/pages/SpaceManagement/components/SpacePlayerCard.tsx(22,3): error TS2305: Module '"@/shared/modules/cams/components"' has no exported member 'AddToQueueDrawer'.
src/features/store/pages/SpaceManagement/SpaceList.tsx(32,1): error TS6133: 'SpaceTypeEnum' is declared but its value is never read.
src/features/store/pages/SpaceManagement/SpaceList.tsx(99,18): error TS6133: 'setFilter' is declared but its value is never read.
src/layouts/BrandDashboardLayout/components/AppContent.tsx(8,7): error TS6133: 'contentStyle' is declared but its value is never read.
src/layouts/BrandDashboardLayout/components/AppSidebar.tsx(34,63): error TS2345: Argument of type 'string | null | undefined' is not assignable to parameter of type 'string | undefined'.
  Type 'null' is not assignable to type 'string | undefined'.
src/layouts/StoreDashboardLayout/components/AppSidebar.tsx(37,63): error TS2345: Argument of type 'string | null | undefined' is not assignable to parameter of type 'string | undefined'.
  Type 'null' is not assignable to type 'string | undefined'.
src/layouts/StoreDashboardLayout/components/AppSidebar.tsx(38,63): error TS2345: Argument of type 'string | null | undefined' is not assignable to parameter of type 'string | undefined'.
  Type 'null' is not assignable to type 'string | undefined'.
src/shared/components/common/StickyPlayer.tsx(2,30): error TS6133: 'Flex' is declared but its value is never read.
src/shared/components/common/StickyPlayer.tsx(2,44): error TS6133: 'message' is declared but its value is never read.
src/shared/components/common/StickyPlayer.tsx(25,7): error TS6133: 'SPOTIFY_GREEN' is declared but its value is never read.
src/shared/modules/cams/components/index.ts(5,15): error TS2307: Cannot find module './AddToQueueDrawer' or its corresponding type declarations.
src/shared/modules/cams/components/index.ts(8,15): error TS2307: Cannot find module './OverrideSpaceMusicDrawer' or its corresponding type declarations.
src/shared/modules/cams/components/QueueManagementDrawer.tsx(28,34): error TS2307: Cannot find module './AddToQueueDrawer' or its corresponding type declarations.
src/shared/modules/cams/components/QueueManagementModal.tsx(16,1): error TS6133: 'DRAWER_WIDTHS' is declared but its value is never read.
src/shared/modules/cams/components/QueueManagementModal.tsx(28,34): error TS2307: Cannot find module './AddToQueueDrawer' or its corresponding type declarations.
src/shared/modules/cams/components/QueueManagementModal.tsx(167,9): error TS2322: Type '{ children: Element; title: string; centered: true; destroyOnClose: true; width: number; open: boolean; onCancel: () => void; footer: null; extra: Element; }' is not assignable to type 'IntrinsicAttributes & ModalProps'.
  Property 'extra' does not exist on type 'IntrinsicAttributes & ModalProps'.
src/shared/modules/playlists/components/index.ts(1,15): error TS2307: Cannot find module './AddTracksDrawer' or its corresponding type declarations.
src/shared/modules/playlists/components/index.ts(3,15): error TS2307: Cannot find module './PlaylistDetailsDrawer' or its corresponding type declarations.
src/shared/modules/tracks/components/TrackTableColumns.tsx(26,26): error TS6133: 'formatDateTime' is declared but its value is never read.
src/shared/modules/tracks/components/TrackTableColumns.tsx(31,1): error TS6133: 'MetadataStatusBadge' is declared but its value is never read.
src/shared/modules/tracks/components/TrackTableColumns.tsx(36,1): error TS6192: All imports in import declaration are unused.
src/shared/modules/tracks/components/TrackTableColumns.tsx(40,3): error TS6133: 'MUSIC_PROVIDER_LABELS' is declared but its value is never read.
src/shared/modules/tracks/components/TrackTableColumns.tsx(41,3): error TS6133: 'MUSIC_PROVIDER_COLORS' is declared but its value is never read.
src/shared/modules/tracks/components/TrackTableColumns.tsx(48,3): error TS6196: 'MusicProviderEnum' is declared but never used.
